kotlin version: 2.2.10
error message: java.lang.RuntimeException: Exception while generating code for:
FUN LOCAL_FUNCTION_FOR_LAMBDA name:MapZoneSkeleton$lambda$52$lambda$34 visibility:private modality:FINAL returnType:kotlin.Unit?
  VALUE_PARAMETER BOUND_VALUE_PARAMETER kind:Regular name:$simulatedPoints index:0 type:kotlin.collections.List<com.yandex.mapkit.geometry.Point>
  VALUE_PARAMETER BOUND_VALUE_PARAMETER kind:Regular name:$currentVehiclePos index:1 type:com.yandex.mapkit.geometry.Point
  VALUE_PARAMETER BOUND_VALUE_PARAMETER kind:Regular name:$currentAzimuth index:2 type:kotlin.Float
  VALUE_PARAMETER BOUND_VALUE_PARAMETER kind:Regular name:$routePolyline$delegate index:3 type:androidx.compose.runtime.MutableState<com.yandex.mapkit.map.PolylineMapObject?>
  VALUE_PARAMETER BOUND_VALUE_PARAMETER kind:Regular name:$carPlacemark$delegate index:4 type:androidx.compose.runtime.MutableState<com.yandex.mapkit.map.PlacemarkMapObject?>
  VALUE_PARAMETER BOUND_VALUE_PARAMETER kind:Regular name:$lexusIconProvider$delegate index:5 type:androidx.compose.runtime.MutableState<com.yandex.runtime.image.ImageProvider?>
  VALUE_PARAMETER BOUND_VALUE_PARAMETER kind:Regular name:$isTrackingEnabled$delegate index:6 type:androidx.compose.runtime.MutableState<kotlin.Boolean>
  VALUE_PARAMETER kind:Regular name:view index:7 type:com.yandex.mapkit.mapview.MapView
  BLOCK_BODY
    VAR name:map type:com.yandex.mapkit.map.Map [val]
      BLOCK type=com.yandex.mapkit.map.Map origin=null
        VAR IR_TEMPORARY_VARIABLE name:tmp0 type:kotlin.Any? [val]
          CALL 'public abstract fun getMap (): @[EnhancedNullability] com.yandex.mapkit.map.Map declared in com.yandex.mapkit.map.MapWindow' type=@[EnhancedNullability] com.yandex.mapkit.map.Map origin=GET_PROPERTY
            ARG <this>: CALL 'public open fun getMapWindow (): @[FlexibleNullability] com.yandex.mapkit.map.MapWindow? declared in com.yandex.mapkit.mapview.MapView' type=@[FlexibleNullability] com.yandex.mapkit.map.MapWindow? origin=GET_PROPERTY
              ARG <this>: GET_VAR 'view: com.yandex.mapkit.mapview.MapView declared in com.lexus.launcher.ui.screens.MapZoneKt.MapZoneSkeleton$lambda$52$lambda$34' type=com.yandex.mapkit.mapview.MapView origin=null
        CALL 'public final fun checkNotNullExpressionValue (value: kotlin.Any?, expression: kotlin.String): kotlin.Unit declared in kotlin.jvm.internal.Intrinsics' type=kotlin.Unit origin=null
          ARG value: GET_VAR 'val tmp0: kotlin.Any? [val] declared in com.lexus.launcher.ui.screens.MapZoneKt.MapZoneSkeleton$lambda$52$lambda$34' type=kotlin.Any? origin=null
          ARG expression: CONST String type=kotlin.String value="getMap(...)"
        GET_VAR 'val tmp0: kotlin.Any? [val] declared in com.lexus.launcher.ui.screens.MapZoneKt.MapZoneSkeleton$lambda$52$lambda$34' type=kotlin.Any? origin=null
    WHEN type=kotlin.Unit origin=IF
      BRANCH
        if: CALL 'public final fun EQEQ (arg0: kotlin.Any?, arg1: kotlin.Any?): kotlin.Boolean declared in kotlin.internal.ir' type=kotlin.Boolean origin=EQEQ
          ARG arg0: CALL 'private final fun MapZoneSkeleton$lambda$14 ($routePolyline$delegate: androidx.compose.runtime.MutableState<com.yandex.mapkit.map.PolylineMapObject?>): com.yandex.mapkit.map.PolylineMapObject? declared in com.lexus.launcher.ui.screens.MapZoneKt' type=com.yandex.mapkit.map.PolylineMapObject? origin=GET_LOCAL_PROPERTY
            ARG $routePolyline$delegate: GET_VAR '$routePolyline$delegate: androidx.compose.runtime.MutableState<com.yandex.mapkit.map.PolylineMapObject?> declared in com.lexus.launcher.ui.screens.MapZoneKt.MapZoneSkeleton$lambda$52$lambda$34' type=androidx.compose.runtime.MutableState<com.yandex.mapkit.map.PolylineMapObject?> origin=null
          ARG arg1: CONST Null type=kotlin.Nothing? value=null
        then: BLOCK type=kotlin.Unit origin=null
          CALL 'private final fun MapZoneSkeleton$lambda$15 ($routePolyline$delegate: androidx.compose.runtime.MutableState<com.yandex.mapkit.map.PolylineMapObject?>, <set-?>: com.yandex.mapkit.map.PolylineMapObject?): kotlin.Unit declared in com.lexus.launcher.ui.screens.MapZoneKt' type=kotlin.Unit origin=EQ
            ARG $routePolyline$delegate: GET_VAR '$routePolyline$delegate: androidx.compose.runtime.MutableState<com.yandex.mapkit.map.PolylineMapObject?> declared in com.lexus.launcher.ui.screens.MapZoneKt.MapZoneSkeleton$lambda$52$lambda$34' type=androidx.compose.runtime.MutableState<com.yandex.mapkit.map.PolylineMapObject?> origin=null
            ARG <set-?>: CALL 'public final fun apply <T> (<this>: T of kotlin.StandardKt.apply, block: @[ExtensionFunctionType] kotlin.Function1<T of kotlin.StandardKt.apply, kotlin.Unit>): T of kotlin.StandardKt.apply [inline] declared in kotlin.StandardKt' type=@[EnhancedNullability] com.yandex.mapkit.map.PolylineMapObject origin=null
              TYPE_ARG T: @[EnhancedNullability] com.yandex.mapkit.map.PolylineMapObject
              ARG <this>: CALL 'public abstract fun addPolyline (p0: @[EnhancedNullability] com.yandex.mapkit.geometry.Polyline): @[EnhancedNullability] com.yandex.mapkit.map.PolylineMapObject [fake_override] declared in com.yandex.mapkit.map.RootMapObjectCollection' type=@[EnhancedNullability] com.yandex.mapkit.map.PolylineMapObject origin=null
                ARG <this>: CALL 'public abstract fun getMapObjects (): @[EnhancedNullability] com.yandex.mapkit.map.RootMapObjectCollection declared in com.yandex.mapkit.map.Map' type=@[EnhancedNullability] com.yandex.mapkit.map.RootMapObjectCollection origin=GET_PROPERTY
                  ARG <this>: GET_VAR 'val map: com.yandex.mapkit.map.Map [val] declared in com.lexus.launcher.ui.screens.MapZoneKt.MapZoneSkeleton$lambda$52$lambda$34' type=com.yandex.mapkit.map.Map origin=null
                ARG p0: CONSTRUCTOR_CALL 'public constructor <init> (p0: @[EnhancedNullability] @[FlexibleMutability] kotlin.collections.MutableList<@[FlexibleNullability] com.yandex.mapkit.geometry.Point?>) declared in com.yandex.mapkit.geometry.Polyline' type=com.yandex.mapkit.geometry.Polyline origin=null
                  ARG p0: GET_VAR '$simulatedPoints: kotlin.collections.List<com.yandex.mapkit.geometry.Point> declared in com.lexus.launcher.ui.screens.MapZoneKt.MapZoneSkeleton$lambda$52$lambda$34' type=kotlin.collections.List<com.yandex.mapkit.geometry.Point> origin=null
              ARG block: BLOCK type=@[ExtensionFunctionType] kotlin.Function1<@[EnhancedNullability] com.yandex.mapkit.map.PolylineMapObject, kotlin.Unit> origin=LAMBDA
                COMPOSITE type=kotlin.Unit origin=null
                FUNCTION_REFERENCE 'private final fun MapZoneSkeleton$lambda$52$lambda$34$lambda$31 ($this$apply: @[EnhancedNullability] com.yandex.mapkit.map.PolylineMapObject): kotlin.Unit declared in com.lexus.launcher.ui.screens.MapZoneKt' type=@[ExtensionFunctionType] kotlin.Function1<@[EnhancedNullability] com.yandex.mapkit.map.PolylineMapObject, kotlin.Unit> origin=INLINE_LAMBDA reflectionTarget=null
    COMPOSITE type=kotlin.Unit origin=null
      WHEN type=kotlin.Unit? origin=IF
        BRANCH
          if: CALL 'public final fun EQEQ (arg0: kotlin.Any?, arg1: kotlin.Any?): kotlin.Boolean declared in kotlin.internal.ir' type=kotlin.Boolean origin=EQEQ
            ARG arg0: CALL 'private final fun MapZoneSkeleton$lambda$11 ($carPlacemark$delegate: androidx.compose.runtime.MutableState<com.yandex.mapkit.map.PlacemarkMapObject?>): com.yandex.mapkit.map.PlacemarkMapObject? declared in com.lexus.launcher.ui.screens.MapZoneKt' type=com.yandex.mapkit.map.PlacemarkMapObject? origin=GET_LOCAL_PROPERTY
              ARG $carPlacemark$delegate: GET_VAR '$carPlacemark$delegate: androidx.compose.runtime.MutableState<com.yandex.mapkit.map.PlacemarkMapObject?> declared in com.lexus.launcher.ui.screens.MapZoneKt.MapZoneSkeleton$lambda$52$lambda$34' type=androidx.compose.runtime.MutableState<com.yandex.mapkit.map.PlacemarkMapObject?> origin=null
            ARG arg1: CONST Null type=kotlin.Nothing? value=null
          then: BLOCK type=kotlin.Unit? origin=null
            BLOCK type=kotlin.Unit? origin=FOLDED_SAFE_CALL
              WHEN type=kotlin.Unit? origin=FOLDED_SAFE_CALL
                BRANCH
                  if: COMPOSITE type=kotlin.Boolean origin=null
                    VAR IR_TEMPORARY_VARIABLE name:tmp0_safe_receiver type:com.yandex.runtime.image.ImageProvider? [val]
                      CALL 'private final fun MapZoneSkeleton$lambda$17 ($lexusIconProvider$delegate: androidx.compose.runtime.MutableState<com.yandex.runtime.image.ImageProvider?>): com.yandex.runtime.image.ImageProvider? declared in com.lexus.launcher.ui.screens.MapZoneKt' type=com.yandex.runtime.image.ImageProvider? origin=GET_LOCAL_PROPERTY
                        ARG $lexusIconProvider$delegate: GET_VAR '$lexusIconProvider$delegate: androidx.compose.runtime.MutableState<com.yandex.runtime.image.ImageProvider?> declared in com.lexus.launcher.ui.screens.MapZoneKt.MapZoneSkeleton$lambda$52$lambda$34' type=androidx.compose.runtime.MutableState<com.yandex.runtime.image.ImageProvider?> origin=null
                    CALL 'public final fun not (): kotlin.Boolean [operator] declared in kotlin.Boolean' type=kotlin.Boolean origin=null
                      ARG <this>: CALL 'public final fun EQEQ (arg0: kotlin.Any?, arg1: kotlin.Any?): kotlin.Boolean declared in kotlin.internal.ir' type=kotlin.Boolean origin=null
                        ARG arg0: GET_VAR 'val tmp0_safe_receiver: com.yandex.runtime.image.ImageProvider? [val] declared in com.lexus.launcher.ui.screens.MapZoneKt.MapZoneSkeleton$lambda$52$lambda$34' type=com.yandex.runtime.image.ImageProvider? origin=null
                        ARG arg1: CONST Null type=kotlin.Nothing? value=null
                  then: CALL 'public final fun let <T, R> (<this>: T of kotlin.StandardKt.let, block: kotlin.Function1<T of kotlin.StandardKt.let, R of kotlin.StandardKt.let>): R of kotlin.StandardKt.let [inline] declared in kotlin.StandardKt' type=kotlin.Unit origin=null
                    TYPE_ARG T: com.yandex.runtime.image.ImageProvider
                    TYPE_ARG R: kotlin.Unit
                    ARG <this>: GET_VAR 'val tmp0_safe_receiver: com.yandex.runtime.image.ImageProvider? [val] declared in com.lexus.launcher.ui.screens.MapZoneKt.MapZoneSkeleton$lambda$52$lambda$34' type=com.yandex.runtime.image.ImageProvider? origin=null
                    ARG block: BLOCK type=kotlin.Function1<com.yandex.runtime.image.ImageProvider, kotlin.Unit> origin=LAMBDA
                      COMPOSITE type=kotlin.Unit origin=null
                      FUNCTION_REFERENCE 'private final fun MapZoneSkeleton$lambda$52$lambda$34$lambda$33 ($map: com.yandex.mapkit.map.Map, $currentVehiclePos: com.yandex.mapkit.geometry.Point, $carPlacemark$delegate: androidx.compose.runtime.MutableState<com.yandex.mapkit.map.PlacemarkMapObject?>, icon: com.yandex.runtime.image.ImageProvider): kotlin.Unit declared in com.lexus.launcher.ui.screens.MapZoneKt' type=kotlin.Function1<com.yandex.runtime.image.ImageProvider, kotlin.Unit> origin=INLINE_LAMBDA reflectionTarget=null
                        ARG $map: GET_VAR 'val map: com.yandex.mapkit.map.Map [val] declared in com.lexus.launcher.ui.screens.MapZoneKt.MapZoneSkeleton$lambda$52$lambda$34' type=com.yandex.mapkit.map.Map origin=null
                        ARG $currentVehiclePos: GET_VAR '$currentVehiclePos: com.yandex.mapkit.geometry.Point declared in com.lexus.launcher.ui.screens.MapZoneKt.MapZoneSkeleton$lambda$52$lambda$34' type=com.yandex.mapkit.geometry.Point origin=null
                        ARG $carPlacemark$delegate: GET_VAR '$carPlacemark$delegate: androidx.compose.runtime.MutableState<com.yandex.mapkit.map.PlacemarkMapObject?> declared in com.lexus.launcher.ui.screens.MapZoneKt.MapZoneSkeleton$lambda$52$lambda$34' type=androidx.compose.runtime.MutableState<com.yandex.mapkit.map.PlacemarkMapObject?> origin=null
                BRANCH
                  if: CONST Boolean type=kotlin.Boolean value=true
                  then: CONST Null type=kotlin.Nothing? value=null
        BRANCH
          if: CONST Boolean type=kotlin.Boolean value=true
          then: BLOCK type=kotlin.Unit origin=null
            COMPOSITE type=kotlin.Unit origin=null
              BLOCK type=kotlin.Unit? origin=FOLDED_SAFE_CALL
                WHEN type=kotlin.Unit? origin=FOLDED_SAFE_CALL
                  BRANCH
                    if: COMPOSITE type=kotlin.Boolean origin=null
                      VAR IR_TEMPORARY_VARIABLE name:tmp1_safe_receiver type:com.yandex.mapkit.map.PlacemarkMapObject? [val]
                        CALL 'private final fun MapZoneSkeleton$lambda$11 ($carPlacemark$delegate: androidx.compose.runtime.MutableState<com.yandex.mapkit.map.PlacemarkMapObject?>): com.yandex.mapkit.map.PlacemarkMapObject? declared in com.lexus.launcher.ui.screens.MapZoneKt' type=com.yandex.mapkit.map.PlacemarkMapObject? origin=GET_LOCAL_PROPERTY
                          ARG $carPlacemark$delegate: GET_VAR '$carPlacemark$delegate: androidx.compose.runtime.MutableState<com.yandex.mapkit.map.PlacemarkMapObject?> declared in com.lexus.launcher.ui.screens.MapZoneKt.MapZoneSkeleton$lambda$52$lambda$34' type=androidx.compose.runtime.MutableState<com.yandex.mapkit.map.PlacemarkMapObject?> origin=null
                      CALL 'public final fun not (): kotlin.Boolean [operator] declared in kotlin.Boolean' type=kotlin.Boolean origin=null
                        ARG <this>: CALL 'public final fun EQEQ (arg0: kotlin.Any?, arg1: kotlin.Any?): kotlin.Boolean declared in kotlin.internal.ir' type=kotlin.Boolean origin=null
                          ARG arg0: GET_VAR 'val tmp1_safe_receiver: com.yandex.mapkit.map.PlacemarkMapObject? [val] declared in com.lexus.launcher.ui.screens.MapZoneKt.MapZoneSkeleton$lambda$52$lambda$34' type=com.yandex.mapkit.map.PlacemarkMapObject? origin=null
                          ARG arg1: CONST Null type=kotlin.Nothing? value=null
                    then: CALL 'public abstract fun setGeometry (p0: @[EnhancedNullability] com.yandex.mapkit.geometry.Point): kotlin.Unit declared in com.yandex.mapkit.map.PlacemarkMapObject' type=kotlin.Unit origin=EQ
                      ARG <this>: GET_VAR 'val tmp1_safe_receiver: com.yandex.mapkit.map.PlacemarkMapObject? [val] declared in com.lexus.launcher.ui.screens.MapZoneKt.MapZoneSkeleton$lambda$52$lambda$34' type=com.yandex.mapkit.map.PlacemarkMapObject? origin=null
                      ARG p0: GET_VAR '$currentVehiclePos: com.yandex.mapkit.geometry.Point declared in com.lexus.launcher.ui.screens.MapZoneKt.MapZoneSkeleton$lambda$52$lambda$34' type=com.yandex.mapkit.geometry.Point origin=null
                  BRANCH
                    if: CONST Boolean type=kotlin.Boolean value=true
                    then: CONST Null type=kotlin.Nothing? value=null
    WHEN type=kotlin.Unit origin=IF
      BRANCH
        if: CALL 'private final fun MapZoneSkeleton$lambda$8 ($isTrackingEnabled$delegate: androidx.compose.runtime.MutableState<kotlin.Boolean>): kotlin.Boolean declared in com.lexus.launcher.ui.screens.MapZoneKt' type=kotlin.Boolean origin=GET_LOCAL_PROPERTY
          ARG $isTrackingEnabled$delegate: GET_VAR '$isTrackingEnabled$delegate: androidx.compose.runtime.MutableState<kotlin.Boolean> declared in com.lexus.launcher.ui.screens.MapZoneKt.MapZoneSkeleton$lambda$52$lambda$34' type=androidx.compose.runtime.MutableState<kotlin.Boolean> origin=null
        then: BLOCK type=kotlin.Unit origin=null
          CALL 'public abstract fun move (p0: @[EnhancedNullability] com.yandex.mapkit.map.CameraPosition, p1: @[EnhancedNullability] com.yandex.mapkit.Animation?, p2: @[EnhancedNullability] com.yandex.mapkit.map.Map.CameraCallback?): kotlin.Unit declared in com.yandex.mapkit.map.Map' type=kotlin.Unit origin=null
            ARG <this>: GET_VAR 'val map: com.yandex.mapkit.map.Map [val] declared in com.lexus.launcher.ui.screens.MapZoneKt.MapZoneSkeleton$lambda$52$lambda$34' type=com.yandex.mapkit.map.Map origin=null
            ARG p0: CONSTRUCTOR_CALL 'public constructor <init> (p0: @[EnhancedNullability] com.yandex.mapkit.geometry.Point, p1: kotlin.Float, p2: kotlin.Float, p3: kotlin.Float) declared in com.yandex.mapkit.map.CameraPosition' type=com.yandex.mapkit.map.CameraPosition origin=null
              ARG p0: GET_VAR '$currentVehiclePos: com.yandex.mapkit.geometry.Point declared in com.lexus.launcher.ui.screens.MapZoneKt.MapZoneSkeleton$lambda$52$lambda$34' type=com.yandex.mapkit.geometry.Point origin=null
              ARG p1: CONST Float type=kotlin.Float value=17.0
              ARG p2: GET_VAR '$currentAzimuth: kotlin.Float declared in com.lexus.launcher.ui.screens.MapZoneKt.MapZoneSkeleton$lambda$52$lambda$34' type=kotlin.Float origin=null
              ARG p3: CONST Float type=kotlin.Float value=40.0
            ARG p1: CONSTRUCTOR_CALL 'public constructor <init> (p0: @[EnhancedNullability] com.yandex.mapkit.Animation.Type, p1: kotlin.Float) declared in com.yandex.mapkit.Animation' type=com.yandex.mapkit.Animation origin=null
              ARG p0: GET_FIELD 'FIELD FIELD_FOR_ENUM_ENTRY name:SMOOTH type:com.yandex.mapkit.Animation.Type visibility:public [final,static] declared in com.yandex.mapkit.Animation.Type' type=com.yandex.mapkit.Animation.Type origin=null
              ARG p1: CONST Float type=kotlin.Float value=1.5
            ARG p2: CONST Null type=kotlin.Nothing? value=null

	at org.jetbrains.kotlin.backend.jvm.codegen.FunctionCodegen.generate(FunctionCodegen.kt:50)
	at org.jetbrains.kotlin.backend.jvm.codegen.FunctionCodegen.generate$default(FunctionCodegen.kt:43)
	at org.jetbrains.kotlin.backend.jvm.codegen.ClassCodegen.generateMethodNode(ClassCodegen.kt:422)
	at org.jetbrains.kotlin.backend.jvm.codegen.ClassCodegen.generateMethod(ClassCodegen.kt:439)
	at org.jetbrains.kotlin.backend.jvm.codegen.ClassCodegen.generate(ClassCodegen.kt:164)
	at org.jetbrains.kotlin.backend.jvm.JvmIrCodegenFactory.generateFile(JvmIrCodegenFactory.kt:419)
	at org.jetbrains.kotlin.backend.jvm.JvmIrCodegenFactory.invokeCodegen(JvmIrCodegenFactory.kt:388)
	at org.jetbrains.kotlin.cli.jvm.compiler.KotlinToJVMBytecodeCompiler.runCodegen$cli(KotlinToJVMBytecodeCompiler.kt:431)
	at org.jetbrains.kotlin.cli.pipeline.jvm.JvmBackendPipelinePhase.executePhase(JvmBackendPipelinePhase.kt:95)
	at org.jetbrains.kotlin.cli.pipeline.jvm.JvmBackendPipelinePhase.executePhase(JvmBackendPipelinePhase.kt:36)
	at org.jetbrains.kotlin.cli.pipeline.jvm.JvmBackendPipelinePhase.executePhase(JvmBackendPipelinePhase.kt:29)
	at org.jetbrains.kotlin.cli.pipeline.PipelinePhase.phaseBody(PipelinePhase.kt:68)
	at org.jetbrains.kotlin.cli.pipeline.PipelinePhase.phaseBody(PipelinePhase.kt:58)
	at org.jetbrains.kotlin.config.phaser.NamedCompilerPhase.invoke(CompilerPhase.kt:102)
	at org.jetbrains.kotlin.backend.common.phaser.CompositePhase.invoke(PhaseBuilders.kt:22)
	at org.jetbrains.kotlin.config.phaser.CompilerPhaseKt.invokeToplevel(CompilerPhase.kt:53)
	at org.jetbrains.kotlin.cli.pipeline.AbstractCliPipeline.runPhasedPipeline(AbstractCliPipeline.kt:109)
	at org.jetbrains.kotlin.cli.pipeline.AbstractCliPipeline.execute(AbstractCliPipeline.kt:68)
	at org.jetbrains.kotlin.cli.jvm.K2JVMCompiler.doExecutePhased(K2JVMCompiler.kt:78)
	at org.jetbrains.kotlin.cli.jvm.K2JVMCompiler.doExecutePhased(K2JVMCompiler.kt:44)
	at org.jetbrains.kotlin.cli.common.CLICompiler.execImpl(CLICompiler.kt:90)
	at org.jetbrains.kotlin.cli.common.CLICompiler.exec(CLICompiler.kt:352)
	at org.jetbrains.kotlin.incremental.IncrementalJvmCompilerRunnerBase.runCompiler(IncrementalJvmCompilerRunnerBase.kt:175)
	at org.jetbrains.kotlin.incremental.IncrementalJvmCompilerRunnerBase.runCompiler(IncrementalJvmCompilerRunnerBase.kt:38)
	at org.jetbrains.kotlin.incremental.IncrementalCompilerRunner.doCompile(IncrementalCompilerRunner.kt:504)
	at org.jetbrains.kotlin.incremental.IncrementalCompilerRunner.compileImpl(IncrementalCompilerRunner.kt:421)
	at org.jetbrains.kotlin.incremental.IncrementalCompilerRunner.tryCompileIncrementally$lambda$10$compile(IncrementalCompilerRunner.kt:254)
	at org.jetbrains.kotlin.incremental.IncrementalCompilerRunner.tryCompileIncrementally(IncrementalCompilerRunner.kt:272)
	at org.jetbrains.kotlin.incremental.IncrementalCompilerRunner.compile(IncrementalCompilerRunner.kt:124)
	at org.jetbrains.kotlin.daemon.CompileServiceImplBase.execIncrementalCompiler(CompileServiceImpl.kt:679)
	at org.jetbrains.kotlin.daemon.CompileServiceImplBase.access$execIncrementalCompiler(CompileServiceImpl.kt:93)
	at org.jetbrains.kotlin.daemon.CompileServiceImpl.compile(CompileServiceImpl.kt:1806)
	at java.base/jdk.internal.reflect.DirectMethodHandleAccessor.invoke(Unknown Source)
	at java.base/java.lang.reflect.Method.invoke(Unknown Source)
	at java.rmi/sun.rmi.server.UnicastServerRef.dispatch(Unknown Source)
	at java.rmi/sun.rmi.transport.Transport.serviceCall(Unknown Source)
	at java.rmi/sun.rmi.transport.tcp.TCPTransport.handleMessages(Unknown Source)
	at java.rmi/sun.rmi.transport.tcp.TCPTransport$ConnectionHandler.run0(Unknown Source)
	at java.rmi/sun.rmi.transport.tcp.TCPTransport$ConnectionHandler.run(Unknown Source)
	at java.base/java.util.concurrent.ThreadPoolExecutor.runWorker(Unknown Source)
	at java.base/java.util.concurrent.ThreadPoolExecutor$Worker.run(Unknown Source)
	at java.base/java.lang.Thread.run(Unknown Source)
Caused by: java.lang.RuntimeException: Exception while generating code for:
FUN INLINE_LAMBDA name:MapZoneSkeleton$lambda$52$lambda$34$lambda$31 visibility:private modality:FINAL returnType:kotlin.Unit
  VALUE_PARAMETER kind:ExtensionReceiver name:$this$apply index:0 type:@[EnhancedNullability] com.yandex.mapkit.map.PolylineMapObject
  BLOCK_BODY
    VAR name:$i$a$-apply-MapZoneKt$MapZoneSkeleton$2$2$1 type:kotlin.Int [val]
      CONST Int type=kotlin.Int value=0
    SET_FIELD 'FIELD IR_EXTERNAL_JAVA_DECLARATION_STUB name:strokeColor type:kotlin.Int visibility:public [final,static] declared in android.R.attr' type=kotlin.Unit superQualifierSymbol=android.R.attr origin=EQ
      value: CALL 'public open fun parseColor (p0: @[FlexibleNullability] kotlin.String?): kotlin.Int declared in android.graphics.Color' type=kotlin.Int origin=null
        ARG p0: CONST String type=kotlin.String value="#FF007AFF"
    CALL 'public abstract fun setStrokeWidth (p0: kotlin.Float): kotlin.Unit declared in com.yandex.mapkit.map.PolylineMapObject' type=kotlin.Unit origin=EQ
      ARG <this>: GET_VAR '$this$apply: @[EnhancedNullability] com.yandex.mapkit.map.PolylineMapObject declared in com.lexus.launcher.ui.screens.MapZoneKt.MapZoneSkeleton$lambda$52$lambda$34$lambda$31' type=@[EnhancedNullability] com.yandex.mapkit.map.PolylineMapObject origin=null
      ARG p0: CONST Float type=kotlin.Float value=6.0
    CALL 'public abstract fun setOutlineColor (p0: kotlin.Int): kotlin.Unit declared in com.yandex.mapkit.map.PolylineMapObject' type=kotlin.Unit origin=null
      ARG <this>: GET_VAR '$this$apply: @[EnhancedNullability] com.yandex.mapkit.map.PolylineMapObject declared in com.lexus.launcher.ui.screens.MapZoneKt.MapZoneSkeleton$lambda$52$lambda$34$lambda$31' type=@[EnhancedNullability] com.yandex.mapkit.map.PolylineMapObject origin=null
      ARG p0: CALL 'public open fun parseColor (p0: @[FlexibleNullability] kotlin.String?): kotlin.Int declared in android.graphics.Color' type=kotlin.Int origin=null
        ARG p0: CONST String type=kotlin.String value="#FF1A1A1A"

	at org.jetbrains.kotlin.backend.jvm.codegen.FunctionCodegen.generate(FunctionCodegen.kt:50)
	at org.jetbrains.kotlin.backend.jvm.codegen.IrSourceCompilerForInline.generateLambdaBody(IrSourceCompilerForInline.kt:72)
	at org.jetbrains.kotlin.codegen.inline.ExpressionLambda.generateLambdaBody(LambdaInfo.kt:72)
	at org.jetbrains.kotlin.backend.jvm.codegen.IrInlineCodegen.genValueAndPut(IrInlineCodegen.kt:122)
	at org.jetbrains.kotlin.backend.jvm.codegen.ExpressionCodegen.visitCall$handleParameter(ExpressionCodegen.kt:564)
	at org.jetbrains.kotlin.backend.jvm.codegen.ExpressionCodegen.visitCall(ExpressionCodegen.kt:577)
	at org.jetbrains.kotlin.backend.jvm.codegen.ExpressionCodegen.visitCall(ExpressionCodegen.kt:135)
	at org.jetbrains.kotlin.ir.expressions.IrCall.accept(IrCall.kt:24)
	at org.jetbrains.kotlin.backend.jvm.codegen.ExpressionCodegen.gen(ExpressionCodegen.kt:214)
	at org.jetbrains.kotlin.backend.jvm.codegen.IrCallGenerator.genValueAndPut(IrCallGenerator.kt:48)
	at org.jetbrains.kotlin.backend.jvm.codegen.ExpressionCodegen.visitCall$handleParameter(ExpressionCodegen.kt:564)
	at org.jetbrains.kotlin.backend.jvm.codegen.ExpressionCodegen.visitCall(ExpressionCodegen.kt:577)
	at org.jetbrains.kotlin.backend.jvm.codegen.ExpressionCodegen.visitCall(ExpressionCodegen.kt:135)
	at org.jetbrains.kotlin.ir.expressions.IrCall.accept(IrCall.kt:24)
	at org.jetbrains.kotlin.backend.jvm.codegen.ExpressionCodegen.visitStatementContainer(ExpressionCodegen.kt:527)
	at org.jetbrains.kotlin.backend.jvm.codegen.ExpressionCodegen.visitContainerExpression(ExpressionCodegen.kt:541)
	at org.jetbrains.kotlin.backend.jvm.codegen.ExpressionCodegen.visitContainerExpression(ExpressionCodegen.kt:135)
	at org.jetbrains.kotlin.ir.visitors.IrVisitor.visitBlock(IrVisitor.kt:122)
	at org.jetbrains.kotlin.backend.jvm.codegen.ExpressionCodegen.visitBlock(ExpressionCodegen.kt:413)
	at org.jetbrains.kotlin.backend.jvm.codegen.ExpressionCodegen.visitBlock(ExpressionCodegen.kt:135)
	at org.jetbrains.kotlin.ir.expressions.IrBlock.accept(IrBlock.kt:18)
	at org.jetbrains.kotlin.backend.jvm.codegen.ExpressionCodegen.visitWhen(ExpressionCodegen.kt:1049)
	at org.jetbrains.kotlin.backend.jvm.codegen.ExpressionCodegen.visitWhen(ExpressionCodegen.kt:135)
	at org.jetbrains.kotlin.ir.expressions.IrWhen.accept(IrWhen.kt:24)
	at org.jetbrains.kotlin.backend.jvm.codegen.ExpressionCodegen.visitStatementContainer(ExpressionCodegen.kt:527)
	at org.jetbrains.kotlin.backend.jvm.codegen.ExpressionCodegen.visitBlockBody(ExpressionCodegen.kt:532)
	at org.jetbrains.kotlin.backend.jvm.codegen.ExpressionCodegen.visitBlockBody(ExpressionCodegen.kt:135)
	at org.jetbrains.kotlin.ir.expressions.IrBlockBody.accept(IrBlockBody.kt:20)
	at org.jetbrains.kotlin.backend.jvm.codegen.ExpressionCodegen.generate(ExpressionCodegen.kt:233)
	at org.jetbrains.kotlin.backend.jvm.codegen.FunctionCodegen.doGenerate(FunctionCodegen.kt:126)
	at org.jetbrains.kotlin.backend.jvm.codegen.FunctionCodegen.generate(FunctionCodegen.kt:47)
	... 41 more
Caused by: java.lang.AssertionError: access of const val: SET_FIELD 'FIELD IR_EXTERNAL_JAVA_DECLARATION_STUB name:strokeColor type:kotlin.Int visibility:public [final,static] declared in android.R.attr' type=kotlin.Unit superQualifierSymbol=android.R.attr origin=EQ
  value: CALL 'public open fun parseColor (p0: @[FlexibleNullability] kotlin.String?): kotlin.Int declared in android.graphics.Color' type=kotlin.Int origin=null
    ARG p0: CONST String type=kotlin.String value="#FF007AFF"

	at org.jetbrains.kotlin.backend.jvm.codegen.ExpressionCodegen.visitFieldAccess(ExpressionCodegen.kt:807)
	at org.jetbrains.kotlin.backend.jvm.codegen.ExpressionCodegen.visitFieldAccess(ExpressionCodegen.kt:135)
	at org.jetbrains.kotlin.ir.visitors.IrVisitor.visitSetField(IrVisitor.kt:215)
	at org.jetbrains.kotlin.backend.jvm.codegen.ExpressionCodegen.visitSetField(ExpressionCodegen.kt:858)
	at org.jetbrains.kotlin.backend.jvm.codegen.ExpressionCodegen.visitSetField(ExpressionCodegen.kt:135)
	at org.jetbrains.kotlin.ir.expressions.IrSetField.accept(IrSetField.kt:21)
	at org.jetbrains.kotlin.backend.jvm.codegen.ExpressionCodegen.visitStatementContainer(ExpressionCodegen.kt:527)
	at org.jetbrains.kotlin.backend.jvm.codegen.ExpressionCodegen.visitBlockBody(ExpressionCodegen.kt:532)
	at org.jetbrains.kotlin.backend.jvm.codegen.ExpressionCodegen.visitBlockBody(ExpressionCodegen.kt:135)
	at org.jetbrains.kotlin.ir.expressions.IrBlockBody.accept(IrBlockBody.kt:20)
	at org.jetbrains.kotlin.backend.jvm.codegen.ExpressionCodegen.generate(ExpressionCodegen.kt:233)
	at org.jetbrains.kotlin.backend.jvm.codegen.FunctionCodegen.doGenerate(FunctionCodegen.kt:126)
	at org.jetbrains.kotlin.backend.jvm.codegen.FunctionCodegen.generate(FunctionCodegen.kt:47)
	... 71 more


